Мы можем проверить код состояния ответа:

>>> r = requests.get('https://httpbin.org/get')  
>>> r.status_code  

200  
У requests есть встроенный объект вывода кодов состояния:

>>> r.status_code == requests.codes.ok  

True  
Если мы сделали неудачный запрос (ошибка 4XX или 5XX), то можем вызвать исключение с помощью r.raise_for_status():

>>> bad_r = requests.get('https://httpbin.org/status/404')  
>>> bad_r.status_code
 
404  
>>> bad_r.raise_for_status()  

Traceback (most recent call last):  
File "requests/models.py", line 832, in raise_for_status  
raise http_error  
requests.exceptions.HTTPError: 404 Client Error  
Но если status_code для r оказался 200, то когда мы вызываем raise_for_status() мы получаем:

>>> r.raise_for_status() 

None  
Полный список кодов состояния можно найти по ссылке: https://developer.mozilla.org/ru/docs/Web/HTTP/Status